Access is denied.
[1m3.21.9[22m[39m[90m (with [39m[90mNitro [1m2.13.4[22m[39m[90m, Vite [1m7.3.6[22m[39m[90m and Vue [1m3.5.40[22m[39m[90m)[39m
[get-port] Unable to find an available port (tried 3000 on host "0.0.0.0"). Using alternative port 3001.

 
              █▀▀▀▀▀▀▀████▀▀█▀█▀█▀▀▀▀▀▀▀█
              █ █▀▀▀█ ██▄▄█▀▄▄▀██ █▀▀▀█ █
              █ █   █ █ ▀██▄▄ ███ █   █ █
              █ ▀▀▀▀▀ █▀█▀▄ █▀█▀█ ▀▀▀▀▀ █
              █▀▀███▀▀▀█▀▄ █▀▄▀ ███▀▀████
              █▄▀ ▄  ▀▄▀▄▀█▄ █ ▄▄▀▀  ▄ ▀█
              ██▀▀█  ▀   █▀ █▀ █▀▀▄█▄██ █
              █ █▄ ▀█▀▀ ▀▀▀▀▀▄ █▀█▀█▀█ ▀█
              █ █▄▀▀▄▀█▀▀▄ ▀▀█▄▀▀▀▀ █ █▄█
              █▀▀▀▀▀▀▀█ █ ▀▄▀ █ █▀█ ▀▄█▀█
              █ █▀▀▀█ █▄█▀ ▀▀█▀ ▀▀▀ ▀▀▄▄█
              █ █   █ ██ ▄▄▄██  ▀▄▄█▄▀▄ █
              █ ▀▀▀▀▀ █  █▀▄█▀  ▀▄▄▄▀██ █
              ▀▀▀▀▀▀▀▀▀▀▀▀▀▀▀▀▀▀▀▀▀▀▀▀▀▀▀
 
[32m  ➜ Local:   [39m [36m[4mhttp://0.0.0.0:[1m3001[22m/[24m[39m
[35m  ➜ Network: [39m [36m[4mhttp://172.29.240.1:[1m3001[22m/[24m[39m[90m [QR code][39m
[35m  ➜ Network: [39m [36m[4mhttp://192.168.1.25:[1m3001[22m/[24m[39m
[35m  ➜ Network: [39m [36m[4mhttp://192.168.56.1:[1m3001[22m/[24m[39m

[90m[[90mnuxt:tailwindcss[90m][39m [36mℹ[39m Using default Tailwind CSS file
[33m  ➜ DevTools: [39m[2mpress [22m[32mShift[39m[2m + [22m[32mAlt[39m[2m + [22m[32mD[39m[2m in the browser (v3.2.4)[22m

[90m[[90mnuxt:tailwindcss[90m][39m [36mℹ[39m Tailwind Viewer: [4m[33mhttp://0.0.0.0:3001/_tailwind/[39m[24m
[32m✔[39m Vite client built in 27ms
[32m✔[39m Vite server built in 221ms

[41m[30m ERROR [39m[49m (node:25764) ExperimentalWarning: Type Stripping is an experimental feature and might change at any time
(Use [36mnode --trace-warnings ...[39m to show where the warning was created)

[90m[[90mnitro[90m][39m [32m✔[39m Nuxt Nitro server built in 757ms
[36mℹ[39m Vite server warmed up in 2ms
[36mℹ[39m Vite client warmed up in 4ms
